// Jest Snapshot v1, https://goo.gl/fbAQLP

exports[`Testing DrawerMenu Component renders as expected 1`] = `
<ContextConsumer>
  <Component />
</ContextConsumer>
`;
