// Jest Snapshot v1, https://goo.gl/fbAQLP

exports[`Testing PostScrollable Component renders as expected with posts 1`] = `
ShallowWrapper {
  Symbol(enzyme.__root__): [Circular],
  Symbol(enzyme.__unrendered__): <PostScrollable
    posts={Array []}
  />,
  Symbol(enzyme.__renderer__): Object {
    "batchedUpdates": [Function],
    "getNode": [Function],
    "render": [Function],
    "simulateError": [Function],
    "simulateEvent": [Function],
    "unmount": [Function],
  },
  Symbol(enzyme.__node__): Object {
    "instance": null,
    "key": undefined,
    "nodeType": "class",
    "props": Object {
      "children": <Styled(Body)
        style={
          Object {
            "alignItems": "center",
            "justifyContent": "center",
          }
        }
      >
        <Styled(Text)>
          No Posts Yet
        </Styled(Text)>
        <Styled(Text)
          note={true}
        >
          Feel free to raise the First Post  
          <Styled(Icon)
            name="md-paper"
            style={
              Array [
                Object {
                  "fontSize": 15,
                  "paddingBottom": 5,
                },
                Object {
                  "color": "#808080",
                },
              ]
            }
          />
        </Styled(Text)>
      </Styled(Body)>,
      "itemDivider": true,
      "virtual": undefined,
    },
    "ref": null,
    "rendered": Object {
      "instance": null,
      "key": undefined,
      "nodeType": "class",
      "props": Object {
        "children": Array [
          <Styled(Text)>
            No Posts Yet
          </Styled(Text)>,
          <Styled(Text)
            note={true}
          >
            Feel free to raise the First Post  
            <Styled(Icon)
              name="md-paper"
              style={
                Array [
                  Object {
                    "fontSize": 15,
                    "paddingBottom": 5,
                  },
                  Object {
                    "color": "#808080",
                  },
                ]
              }
            />
          </Styled(Text)>,
        ],
        "style": Object {
          "alignItems": "center",
          "justifyContent": "center",
        },
        "virtual": undefined,
      },
      "ref": null,
      "rendered": Array [
        Object {
          "instance": null,
          "key": undefined,
          "nodeType": "class",
          "props": Object {
            "children": "No Posts Yet",
            "virtual": undefined,
          },
          "ref": null,
          "rendered": "No Posts Yet",
          "type": [Function],
        },
        Object {
          "instance": null,
          "key": undefined,
          "nodeType": "class",
          "props": Object {
            "children": Array [
              "Feel free to raise the First Post  ",
              <Styled(Icon)
                name="md-paper"
                style={
                  Array [
                    Object {
                      "fontSize": 15,
                      "paddingBottom": 5,
                    },
                    Object {
                      "color": "#808080",
                    },
                  ]
                }
              />,
            ],
            "note": true,
            "virtual": undefined,
          },
          "ref": null,
          "rendered": Array [
            "Feel free to raise the First Post  ",
            Object {
              "instance": null,
              "key": undefined,
              "nodeType": "class",
              "props": Object {
                "name": "md-paper",
                "style": Array [
                  Object {
                    "fontSize": 15,
                    "paddingBottom": 5,
                  },
                  Object {
                    "color": "#808080",
                  },
                ],
                "virtual": undefined,
              },
              "ref": null,
              "rendered": null,
              "type": [Function],
            },
          ],
          "type": [Function],
        },
      ],
      "type": [Function],
    },
    "type": [Function],
  },
  Symbol(enzyme.__nodes__): Array [
    Object {
      "instance": null,
      "key": undefined,
      "nodeType": "class",
      "props": Object {
        "children": <Styled(Body)
          style={
            Object {
              "alignItems": "center",
              "justifyContent": "center",
            }
          }
        >
          <Styled(Text)>
            No Posts Yet
          </Styled(Text)>
          <Styled(Text)
            note={true}
          >
            Feel free to raise the First Post  
            <Styled(Icon)
              name="md-paper"
              style={
                Array [
                  Object {
                    "fontSize": 15,
                    "paddingBottom": 5,
                  },
                  Object {
                    "color": "#808080",
                  },
                ]
              }
            />
          </Styled(Text)>
        </Styled(Body)>,
        "itemDivider": true,
        "virtual": undefined,
      },
      "ref": null,
      "rendered": Object {
        "instance": null,
        "key": undefined,
        "nodeType": "class",
        "props": Object {
          "children": Array [
            <Styled(Text)>
              No Posts Yet
            </Styled(Text)>,
            <Styled(Text)
              note={true}
            >
              Feel free to raise the First Post  
              <Styled(Icon)
                name="md-paper"
                style={
                  Array [
                    Object {
                      "fontSize": 15,
                      "paddingBottom": 5,
                    },
                    Object {
                      "color": "#808080",
                    },
                  ]
                }
              />
            </Styled(Text)>,
          ],
          "style": Object {
            "alignItems": "center",
            "justifyContent": "center",
          },
          "virtual": undefined,
        },
        "ref": null,
        "rendered": Array [
          Object {
            "instance": null,
            "key": undefined,
            "nodeType": "class",
            "props": Object {
              "children": "No Posts Yet",
              "virtual": undefined,
            },
            "ref": null,
            "rendered": "No Posts Yet",
            "type": [Function],
          },
          Object {
            "instance": null,
            "key": undefined,
            "nodeType": "class",
            "props": Object {
              "children": Array [
                "Feel free to raise the First Post  ",
                <Styled(Icon)
                  name="md-paper"
                  style={
                    Array [
                      Object {
                        "fontSize": 15,
                        "paddingBottom": 5,
                      },
                      Object {
                        "color": "#808080",
                      },
                    ]
                  }
                />,
              ],
              "note": true,
              "virtual": undefined,
            },
            "ref": null,
            "rendered": Array [
              "Feel free to raise the First Post  ",
              Object {
                "instance": null,
                "key": undefined,
                "nodeType": "class",
                "props": Object {
                  "name": "md-paper",
                  "style": Array [
                    Object {
                      "fontSize": 15,
                      "paddingBottom": 5,
                    },
                    Object {
                      "color": "#808080",
                    },
                  ],
                  "virtual": undefined,
                },
                "ref": null,
                "rendered": null,
                "type": [Function],
              },
            ],
            "type": [Function],
          },
        ],
        "type": [Function],
      },
      "type": [Function],
    },
  ],
  Symbol(enzyme.__options__): Object {
    "adapter": ReactSixteenAdapter {
      "options": Object {
        "enableComponentDidUpdateOnSetState": true,
        "lifecycles": Object {
          "componentDidUpdate": Object {
            "onSetState": true,
          },
          "getDerivedStateFromProps": true,
          "getSnapshotBeforeUpdate": true,
          "setState": Object {
            "skipsComponentDidUpdateOnNullish": true,
          },
        },
      },
    },
  },
}
`;
