// Jest Snapshot v1, https://goo.gl/fbAQLP

exports[`Testing Landing Screen renders as expected 1`] = `
ShallowWrapper {
  Symbol(enzyme.__root__): [Circular],
  Symbol(enzyme.__unrendered__): <NavigationContainer />,
  Symbol(enzyme.__renderer__): Object {
    "batchedUpdates": [Function],
    "getNode": [Function],
    "render": [Function],
    "simulateError": [Function],
    "simulateEvent": [Function],
    "unmount": [Function],
  },
  Symbol(enzyme.__node__): Object {
    "instance": null,
    "key": undefined,
    "nodeType": "class",
    "props": Object {
      "navigation": Object {
        "actions": Object {},
        "addListener": [Function],
        "dangerouslyGetParent": [Function],
        "dispatch": [Function],
        "getChildNavigation": [Function],
        "getScreenProps": [Function],
        "goBack": [Function],
        "isFocused": [Function],
        "navigate": [Function],
        "router": Object {
          "childRouters": Object {
            "Preview": null,
            "SelectCourse": null,
          },
          "getActionCreators": [Function],
          "getActionForPathAndParams": [Function],
          "getComponentForRouteName": [Function],
          "getComponentForState": [Function],
          "getPathAndParamsForState": [Function],
          "getScreenOptions": [Function],
          "getStateForAction": [Function],
        },
        "setParams": [Function],
        "state": Object {
          "index": 0,
          "isTransitioning": false,
          "routes": Array [
            Object {
              "key": "Preview",
              "params": undefined,
              "routeName": "Preview",
            },
            Object {
              "key": "SelectCourse",
              "params": undefined,
              "routeName": "SelectCourse",
            },
          ],
        },
      },
    },
    "ref": null,
    "rendered": null,
    "type": [Function],
  },
  Symbol(enzyme.__nodes__): Array [
    Object {
      "instance": null,
      "key": undefined,
      "nodeType": "class",
      "props": Object {
        "navigation": Object {
          "actions": Object {},
          "addListener": [Function],
          "dangerouslyGetParent": [Function],
          "dispatch": [Function],
          "getChildNavigation": [Function],
          "getScreenProps": [Function],
          "goBack": [Function],
          "isFocused": [Function],
          "navigate": [Function],
          "router": Object {
            "childRouters": Object {
              "Preview": null,
              "SelectCourse": null,
            },
            "getActionCreators": [Function],
            "getActionForPathAndParams": [Function],
            "getComponentForRouteName": [Function],
            "getComponentForState": [Function],
            "getPathAndParamsForState": [Function],
            "getScreenOptions": [Function],
            "getStateForAction": [Function],
          },
          "setParams": [Function],
          "state": Object {
            "index": 0,
            "isTransitioning": false,
            "routes": Array [
              Object {
                "key": "Preview",
                "params": undefined,
                "routeName": "Preview",
              },
              Object {
                "key": "SelectCourse",
                "params": undefined,
                "routeName": "SelectCourse",
              },
            ],
          },
        },
      },
      "ref": null,
      "rendered": null,
      "type": [Function],
    },
  ],
  Symbol(enzyme.__options__): Object {
    "adapter": ReactSixteenAdapter {
      "options": Object {
        "enableComponentDidUpdateOnSetState": true,
        "lifecycles": Object {
          "componentDidUpdate": Object {
            "onSetState": true,
          },
          "getDerivedStateFromProps": true,
          "getSnapshotBeforeUpdate": true,
          "setState": Object {
            "skipsComponentDidUpdateOnNullish": true,
          },
        },
      },
    },
  },
}
`;
