// Jest Snapshot v1, https://goo.gl/fbAQLP

exports[`Testing Preview Screen renders as expected 1`] = `
ShallowWrapper {
  Symbol(enzyme.__root__): [Circular],
  Symbol(enzyme.__unrendered__): <Preview />,
  Symbol(enzyme.__renderer__): Object {
    "batchedUpdates": [Function],
    "getNode": [Function],
    "render": [Function],
    "simulateError": [Function],
    "simulateEvent": [Function],
    "unmount": [Function],
  },
  Symbol(enzyme.__node__): Object {
    "instance": null,
    "key": undefined,
    "nodeType": "class",
    "props": Object {
      "children": Array [
        <withNavigation(PreviewHeader)
          location="COMP 4801"
        />,
        <Styled(Content)>
          <PostScrollable
            posts={
              Array [
                Object {
                  "id": "0",
                  "native": true,
                  "primaryHashtag": "hashtag1",
                  "replyNo": 12,
                  "secondaryHashtag": "hashtag2",
                  "solved": true,
                  "subTitle": "Subtitle to be shown",
                  "temperature": 10,
                  "timestamp": "2016-06-10 12:12:12",
                  "title": "Title",
                },
                Object {
                  "id": "1",
                  "native": false,
                  "replyNo": 12,
                  "timestamp": "2018-11-03 21:56:00",
                  "title": "Topic from Moodle",
                  "viewed": true,
                },
                Object {
                  "id": "2",
                  "native": true,
                  "primaryHashtag": "hashtag1",
                  "replyNo": 2,
                  "solved": true,
                  "subTitle": "Proin imperdiet arcu sed velit tincidunt, eu aliquet nunc volutpat. Vivamus bibendum turpis nisi, non porta lorem aliquet aliquet.",
                  "temperature": -10,
                  "timestamp": "2018-10-22 14:00:12",
                  "title": "This is a relatively long topic that shows Lorem ipsum dolor sit amet, consectetur adipiscing elit. Mauris suscipit quis sapien sed fringilla.",
                  "viewed": true,
                },
                Object {
                  "id": "3",
                  "native": true,
                  "primaryHashtag": "hashtag1",
                  "replyNo": 12,
                  "secondaryHashtag": "hashtag2",
                  "solved": false,
                  "subTitle": "Subtitle to be shown",
                  "temperature": 1,
                  "timestamp": "2016-06-10 12:12:12",
                  "title": "Short title",
                  "viewed": true,
                },
                Object {
                  "id": "4",
                  "native": true,
                  "primaryHashtag": "hashtag1",
                  "replyNo": 12,
                  "secondaryHashtag": "hashtag2",
                  "solved": false,
                  "subTitle": "Subtitle to be shown",
                  "temperature": 1,
                  "timestamp": "2016-06-10 12:12:12",
                  "title": "Short title",
                  "viewed": true,
                },
                Object {
                  "id": "5",
                  "native": true,
                  "primaryHashtag": "hashtag1",
                  "replyNo": 12,
                  "secondaryHashtag": "hashtag2",
                  "solved": false,
                  "subTitle": "Subtitle to be shown",
                  "temperature": 1,
                  "timestamp": "2016-06-10 12:12:12",
                  "title": "Short title",
                },
                Object {
                  "id": "6",
                  "native": true,
                  "primaryHashtag": "hashtag1",
                  "replyNo": 12,
                  "secondaryHashtag": "hashtag2",
                  "solved": false,
                  "subTitle": "Subtitle to be shown",
                  "temperature": 1,
                  "timestamp": "2016-06-10 12:12:12",
                  "title": "Short title",
                },
                Object {
                  "id": "7",
                  "native": true,
                  "primaryHashtag": "hashtag1",
                  "replyNo": 12,
                  "secondaryHashtag": "hashtag2",
                  "solved": false,
                  "subTitle": "Subtitle to be shown",
                  "temperature": 1,
                  "timestamp": "2016-06-10 12:12:12",
                  "title": "Short title",
                },
                Object {
                  "id": "8",
                  "native": true,
                  "primaryHashtag": "hashtag1",
                  "replyNo": 12,
                  "secondaryHashtag": "hashtag2",
                  "solved": false,
                  "subTitle": "Subtitle to be shown",
                  "temperature": 1,
                  "timestamp": "2016-06-10 12:12:12",
                  "title": "Short title",
                  "viewed": true,
                },
                Object {
                  "id": "9",
                  "native": true,
                  "primaryHashtag": "hashtag1",
                  "replyNo": 12,
                  "secondaryHashtag": "hashtag2",
                  "solved": false,
                  "subTitle": "Subtitle to be shown",
                  "temperature": 1,
                  "timestamp": "2016-06-10 12:12:12",
                  "title": "Short title",
                },
              ]
            }
          />
        </Styled(Content)>,
        <withNavigation(PreviewFooter) />,
      ],
      "virtual": undefined,
    },
    "ref": null,
    "rendered": Array [
      Object {
        "instance": null,
        "key": undefined,
        "nodeType": "class",
        "props": Object {
          "location": "COMP 4801",
        },
        "ref": null,
        "rendered": null,
        "type": [Function],
      },
      Object {
        "instance": null,
        "key": undefined,
        "nodeType": "class",
        "props": Object {
          "children": <PostScrollable
            posts={
              Array [
                Object {
                  "id": "0",
                  "native": true,
                  "primaryHashtag": "hashtag1",
                  "replyNo": 12,
                  "secondaryHashtag": "hashtag2",
                  "solved": true,
                  "subTitle": "Subtitle to be shown",
                  "temperature": 10,
                  "timestamp": "2016-06-10 12:12:12",
                  "title": "Title",
                },
                Object {
                  "id": "1",
                  "native": false,
                  "replyNo": 12,
                  "timestamp": "2018-11-03 21:56:00",
                  "title": "Topic from Moodle",
                  "viewed": true,
                },
                Object {
                  "id": "2",
                  "native": true,
                  "primaryHashtag": "hashtag1",
                  "replyNo": 2,
                  "solved": true,
                  "subTitle": "Proin imperdiet arcu sed velit tincidunt, eu aliquet nunc volutpat. Vivamus bibendum turpis nisi, non porta lorem aliquet aliquet.",
                  "temperature": -10,
                  "timestamp": "2018-10-22 14:00:12",
                  "title": "This is a relatively long topic that shows Lorem ipsum dolor sit amet, consectetur adipiscing elit. Mauris suscipit quis sapien sed fringilla.",
                  "viewed": true,
                },
                Object {
                  "id": "3",
                  "native": true,
                  "primaryHashtag": "hashtag1",
                  "replyNo": 12,
                  "secondaryHashtag": "hashtag2",
                  "solved": false,
                  "subTitle": "Subtitle to be shown",
                  "temperature": 1,
                  "timestamp": "2016-06-10 12:12:12",
                  "title": "Short title",
                  "viewed": true,
                },
                Object {
                  "id": "4",
                  "native": true,
                  "primaryHashtag": "hashtag1",
                  "replyNo": 12,
                  "secondaryHashtag": "hashtag2",
                  "solved": false,
                  "subTitle": "Subtitle to be shown",
                  "temperature": 1,
                  "timestamp": "2016-06-10 12:12:12",
                  "title": "Short title",
                  "viewed": true,
                },
                Object {
                  "id": "5",
                  "native": true,
                  "primaryHashtag": "hashtag1",
                  "replyNo": 12,
                  "secondaryHashtag": "hashtag2",
                  "solved": false,
                  "subTitle": "Subtitle to be shown",
                  "temperature": 1,
                  "timestamp": "2016-06-10 12:12:12",
                  "title": "Short title",
                },
                Object {
                  "id": "6",
                  "native": true,
                  "primaryHashtag": "hashtag1",
                  "replyNo": 12,
                  "secondaryHashtag": "hashtag2",
                  "solved": false,
                  "subTitle": "Subtitle to be shown",
                  "temperature": 1,
                  "timestamp": "2016-06-10 12:12:12",
                  "title": "Short title",
                },
                Object {
                  "id": "7",
                  "native": true,
                  "primaryHashtag": "hashtag1",
                  "replyNo": 12,
                  "secondaryHashtag": "hashtag2",
                  "solved": false,
                  "subTitle": "Subtitle to be shown",
                  "temperature": 1,
                  "timestamp": "2016-06-10 12:12:12",
                  "title": "Short title",
                },
                Object {
                  "id": "8",
                  "native": true,
                  "primaryHashtag": "hashtag1",
                  "replyNo": 12,
                  "secondaryHashtag": "hashtag2",
                  "solved": false,
                  "subTitle": "Subtitle to be shown",
                  "temperature": 1,
                  "timestamp": "2016-06-10 12:12:12",
                  "title": "Short title",
                  "viewed": true,
                },
                Object {
                  "id": "9",
                  "native": true,
                  "primaryHashtag": "hashtag1",
                  "replyNo": 12,
                  "secondaryHashtag": "hashtag2",
                  "solved": false,
                  "subTitle": "Subtitle to be shown",
                  "temperature": 1,
                  "timestamp": "2016-06-10 12:12:12",
                  "title": "Short title",
                },
              ]
            }
          />,
          "virtual": undefined,
        },
        "ref": null,
        "rendered": Object {
          "instance": null,
          "key": undefined,
          "nodeType": "class",
          "props": Object {
            "posts": Array [
              Object {
                "id": "0",
                "native": true,
                "primaryHashtag": "hashtag1",
                "replyNo": 12,
                "secondaryHashtag": "hashtag2",
                "solved": true,
                "subTitle": "Subtitle to be shown",
                "temperature": 10,
                "timestamp": "2016-06-10 12:12:12",
                "title": "Title",
              },
              Object {
                "id": "1",
                "native": false,
                "replyNo": 12,
                "timestamp": "2018-11-03 21:56:00",
                "title": "Topic from Moodle",
                "viewed": true,
              },
              Object {
                "id": "2",
                "native": true,
                "primaryHashtag": "hashtag1",
                "replyNo": 2,
                "solved": true,
                "subTitle": "Proin imperdiet arcu sed velit tincidunt, eu aliquet nunc volutpat. Vivamus bibendum turpis nisi, non porta lorem aliquet aliquet.",
                "temperature": -10,
                "timestamp": "2018-10-22 14:00:12",
                "title": "This is a relatively long topic that shows Lorem ipsum dolor sit amet, consectetur adipiscing elit. Mauris suscipit quis sapien sed fringilla.",
                "viewed": true,
              },
              Object {
                "id": "3",
                "native": true,
                "primaryHashtag": "hashtag1",
                "replyNo": 12,
                "secondaryHashtag": "hashtag2",
                "solved": false,
                "subTitle": "Subtitle to be shown",
                "temperature": 1,
                "timestamp": "2016-06-10 12:12:12",
                "title": "Short title",
                "viewed": true,
              },
              Object {
                "id": "4",
                "native": true,
                "primaryHashtag": "hashtag1",
                "replyNo": 12,
                "secondaryHashtag": "hashtag2",
                "solved": false,
                "subTitle": "Subtitle to be shown",
                "temperature": 1,
                "timestamp": "2016-06-10 12:12:12",
                "title": "Short title",
                "viewed": true,
              },
              Object {
                "id": "5",
                "native": true,
                "primaryHashtag": "hashtag1",
                "replyNo": 12,
                "secondaryHashtag": "hashtag2",
                "solved": false,
                "subTitle": "Subtitle to be shown",
                "temperature": 1,
                "timestamp": "2016-06-10 12:12:12",
                "title": "Short title",
              },
              Object {
                "id": "6",
                "native": true,
                "primaryHashtag": "hashtag1",
                "replyNo": 12,
                "secondaryHashtag": "hashtag2",
                "solved": false,
                "subTitle": "Subtitle to be shown",
                "temperature": 1,
                "timestamp": "2016-06-10 12:12:12",
                "title": "Short title",
              },
              Object {
                "id": "7",
                "native": true,
                "primaryHashtag": "hashtag1",
                "replyNo": 12,
                "secondaryHashtag": "hashtag2",
                "solved": false,
                "subTitle": "Subtitle to be shown",
                "temperature": 1,
                "timestamp": "2016-06-10 12:12:12",
                "title": "Short title",
              },
              Object {
                "id": "8",
                "native": true,
                "primaryHashtag": "hashtag1",
                "replyNo": 12,
                "secondaryHashtag": "hashtag2",
                "solved": false,
                "subTitle": "Subtitle to be shown",
                "temperature": 1,
                "timestamp": "2016-06-10 12:12:12",
                "title": "Short title",
                "viewed": true,
              },
              Object {
                "id": "9",
                "native": true,
                "primaryHashtag": "hashtag1",
                "replyNo": 12,
                "secondaryHashtag": "hashtag2",
                "solved": false,
                "subTitle": "Subtitle to be shown",
                "temperature": 1,
                "timestamp": "2016-06-10 12:12:12",
                "title": "Short title",
              },
            ],
          },
          "ref": null,
          "rendered": null,
          "type": [Function],
        },
        "type": [Function],
      },
      Object {
        "instance": null,
        "key": undefined,
        "nodeType": "class",
        "props": Object {},
        "ref": null,
        "rendered": null,
        "type": [Function],
      },
    ],
    "type": [Function],
  },
  Symbol(enzyme.__nodes__): Array [
    Object {
      "instance": null,
      "key": undefined,
      "nodeType": "class",
      "props": Object {
        "children": Array [
          <withNavigation(PreviewHeader)
            location="COMP 4801"
          />,
          <Styled(Content)>
            <PostScrollable
              posts={
                Array [
                  Object {
                    "id": "0",
                    "native": true,
                    "primaryHashtag": "hashtag1",
                    "replyNo": 12,
                    "secondaryHashtag": "hashtag2",
                    "solved": true,
                    "subTitle": "Subtitle to be shown",
                    "temperature": 10,
                    "timestamp": "2016-06-10 12:12:12",
                    "title": "Title",
                  },
                  Object {
                    "id": "1",
                    "native": false,
                    "replyNo": 12,
                    "timestamp": "2018-11-03 21:56:00",
                    "title": "Topic from Moodle",
                    "viewed": true,
                  },
                  Object {
                    "id": "2",
                    "native": true,
                    "primaryHashtag": "hashtag1",
                    "replyNo": 2,
                    "solved": true,
                    "subTitle": "Proin imperdiet arcu sed velit tincidunt, eu aliquet nunc volutpat. Vivamus bibendum turpis nisi, non porta lorem aliquet aliquet.",
                    "temperature": -10,
                    "timestamp": "2018-10-22 14:00:12",
                    "title": "This is a relatively long topic that shows Lorem ipsum dolor sit amet, consectetur adipiscing elit. Mauris suscipit quis sapien sed fringilla.",
                    "viewed": true,
                  },
                  Object {
                    "id": "3",
                    "native": true,
                    "primaryHashtag": "hashtag1",
                    "replyNo": 12,
                    "secondaryHashtag": "hashtag2",
                    "solved": false,
                    "subTitle": "Subtitle to be shown",
                    "temperature": 1,
                    "timestamp": "2016-06-10 12:12:12",
                    "title": "Short title",
                    "viewed": true,
                  },
                  Object {
                    "id": "4",
                    "native": true,
                    "primaryHashtag": "hashtag1",
                    "replyNo": 12,
                    "secondaryHashtag": "hashtag2",
                    "solved": false,
                    "subTitle": "Subtitle to be shown",
                    "temperature": 1,
                    "timestamp": "2016-06-10 12:12:12",
                    "title": "Short title",
                    "viewed": true,
                  },
                  Object {
                    "id": "5",
                    "native": true,
                    "primaryHashtag": "hashtag1",
                    "replyNo": 12,
                    "secondaryHashtag": "hashtag2",
                    "solved": false,
                    "subTitle": "Subtitle to be shown",
                    "temperature": 1,
                    "timestamp": "2016-06-10 12:12:12",
                    "title": "Short title",
                  },
                  Object {
                    "id": "6",
                    "native": true,
                    "primaryHashtag": "hashtag1",
                    "replyNo": 12,
                    "secondaryHashtag": "hashtag2",
                    "solved": false,
                    "subTitle": "Subtitle to be shown",
                    "temperature": 1,
                    "timestamp": "2016-06-10 12:12:12",
                    "title": "Short title",
                  },
                  Object {
                    "id": "7",
                    "native": true,
                    "primaryHashtag": "hashtag1",
                    "replyNo": 12,
                    "secondaryHashtag": "hashtag2",
                    "solved": false,
                    "subTitle": "Subtitle to be shown",
                    "temperature": 1,
                    "timestamp": "2016-06-10 12:12:12",
                    "title": "Short title",
                  },
                  Object {
                    "id": "8",
                    "native": true,
                    "primaryHashtag": "hashtag1",
                    "replyNo": 12,
                    "secondaryHashtag": "hashtag2",
                    "solved": false,
                    "subTitle": "Subtitle to be shown",
                    "temperature": 1,
                    "timestamp": "2016-06-10 12:12:12",
                    "title": "Short title",
                    "viewed": true,
                  },
                  Object {
                    "id": "9",
                    "native": true,
                    "primaryHashtag": "hashtag1",
                    "replyNo": 12,
                    "secondaryHashtag": "hashtag2",
                    "solved": false,
                    "subTitle": "Subtitle to be shown",
                    "temperature": 1,
                    "timestamp": "2016-06-10 12:12:12",
                    "title": "Short title",
                  },
                ]
              }
            />
          </Styled(Content)>,
          <withNavigation(PreviewFooter) />,
        ],
        "virtual": undefined,
      },
      "ref": null,
      "rendered": Array [
        Object {
          "instance": null,
          "key": undefined,
          "nodeType": "class",
          "props": Object {
            "location": "COMP 4801",
          },
          "ref": null,
          "rendered": null,
          "type": [Function],
        },
        Object {
          "instance": null,
          "key": undefined,
          "nodeType": "class",
          "props": Object {
            "children": <PostScrollable
              posts={
                Array [
                  Object {
                    "id": "0",
                    "native": true,
                    "primaryHashtag": "hashtag1",
                    "replyNo": 12,
                    "secondaryHashtag": "hashtag2",
                    "solved": true,
                    "subTitle": "Subtitle to be shown",
                    "temperature": 10,
                    "timestamp": "2016-06-10 12:12:12",
                    "title": "Title",
                  },
                  Object {
                    "id": "1",
                    "native": false,
                    "replyNo": 12,
                    "timestamp": "2018-11-03 21:56:00",
                    "title": "Topic from Moodle",
                    "viewed": true,
                  },
                  Object {
                    "id": "2",
                    "native": true,
                    "primaryHashtag": "hashtag1",
                    "replyNo": 2,
                    "solved": true,
                    "subTitle": "Proin imperdiet arcu sed velit tincidunt, eu aliquet nunc volutpat. Vivamus bibendum turpis nisi, non porta lorem aliquet aliquet.",
                    "temperature": -10,
                    "timestamp": "2018-10-22 14:00:12",
                    "title": "This is a relatively long topic that shows Lorem ipsum dolor sit amet, consectetur adipiscing elit. Mauris suscipit quis sapien sed fringilla.",
                    "viewed": true,
                  },
                  Object {
                    "id": "3",
                    "native": true,
                    "primaryHashtag": "hashtag1",
                    "replyNo": 12,
                    "secondaryHashtag": "hashtag2",
                    "solved": false,
                    "subTitle": "Subtitle to be shown",
                    "temperature": 1,
                    "timestamp": "2016-06-10 12:12:12",
                    "title": "Short title",
                    "viewed": true,
                  },
                  Object {
                    "id": "4",
                    "native": true,
                    "primaryHashtag": "hashtag1",
                    "replyNo": 12,
                    "secondaryHashtag": "hashtag2",
                    "solved": false,
                    "subTitle": "Subtitle to be shown",
                    "temperature": 1,
                    "timestamp": "2016-06-10 12:12:12",
                    "title": "Short title",
                    "viewed": true,
                  },
                  Object {
                    "id": "5",
                    "native": true,
                    "primaryHashtag": "hashtag1",
                    "replyNo": 12,
                    "secondaryHashtag": "hashtag2",
                    "solved": false,
                    "subTitle": "Subtitle to be shown",
                    "temperature": 1,
                    "timestamp": "2016-06-10 12:12:12",
                    "title": "Short title",
                  },
                  Object {
                    "id": "6",
                    "native": true,
                    "primaryHashtag": "hashtag1",
                    "replyNo": 12,
                    "secondaryHashtag": "hashtag2",
                    "solved": false,
                    "subTitle": "Subtitle to be shown",
                    "temperature": 1,
                    "timestamp": "2016-06-10 12:12:12",
                    "title": "Short title",
                  },
                  Object {
                    "id": "7",
                    "native": true,
                    "primaryHashtag": "hashtag1",
                    "replyNo": 12,
                    "secondaryHashtag": "hashtag2",
                    "solved": false,
                    "subTitle": "Subtitle to be shown",
                    "temperature": 1,
                    "timestamp": "2016-06-10 12:12:12",
                    "title": "Short title",
                  },
                  Object {
                    "id": "8",
                    "native": true,
                    "primaryHashtag": "hashtag1",
                    "replyNo": 12,
                    "secondaryHashtag": "hashtag2",
                    "solved": false,
                    "subTitle": "Subtitle to be shown",
                    "temperature": 1,
                    "timestamp": "2016-06-10 12:12:12",
                    "title": "Short title",
                    "viewed": true,
                  },
                  Object {
                    "id": "9",
                    "native": true,
                    "primaryHashtag": "hashtag1",
                    "replyNo": 12,
                    "secondaryHashtag": "hashtag2",
                    "solved": false,
                    "subTitle": "Subtitle to be shown",
                    "temperature": 1,
                    "timestamp": "2016-06-10 12:12:12",
                    "title": "Short title",
                  },
                ]
              }
            />,
            "virtual": undefined,
          },
          "ref": null,
          "rendered": Object {
            "instance": null,
            "key": undefined,
            "nodeType": "class",
            "props": Object {
              "posts": Array [
                Object {
                  "id": "0",
                  "native": true,
                  "primaryHashtag": "hashtag1",
                  "replyNo": 12,
                  "secondaryHashtag": "hashtag2",
                  "solved": true,
                  "subTitle": "Subtitle to be shown",
                  "temperature": 10,
                  "timestamp": "2016-06-10 12:12:12",
                  "title": "Title",
                },
                Object {
                  "id": "1",
                  "native": false,
                  "replyNo": 12,
                  "timestamp": "2018-11-03 21:56:00",
                  "title": "Topic from Moodle",
                  "viewed": true,
                },
                Object {
                  "id": "2",
                  "native": true,
                  "primaryHashtag": "hashtag1",
                  "replyNo": 2,
                  "solved": true,
                  "subTitle": "Proin imperdiet arcu sed velit tincidunt, eu aliquet nunc volutpat. Vivamus bibendum turpis nisi, non porta lorem aliquet aliquet.",
                  "temperature": -10,
                  "timestamp": "2018-10-22 14:00:12",
                  "title": "This is a relatively long topic that shows Lorem ipsum dolor sit amet, consectetur adipiscing elit. Mauris suscipit quis sapien sed fringilla.",
                  "viewed": true,
                },
                Object {
                  "id": "3",
                  "native": true,
                  "primaryHashtag": "hashtag1",
                  "replyNo": 12,
                  "secondaryHashtag": "hashtag2",
                  "solved": false,
                  "subTitle": "Subtitle to be shown",
                  "temperature": 1,
                  "timestamp": "2016-06-10 12:12:12",
                  "title": "Short title",
                  "viewed": true,
                },
                Object {
                  "id": "4",
                  "native": true,
                  "primaryHashtag": "hashtag1",
                  "replyNo": 12,
                  "secondaryHashtag": "hashtag2",
                  "solved": false,
                  "subTitle": "Subtitle to be shown",
                  "temperature": 1,
                  "timestamp": "2016-06-10 12:12:12",
                  "title": "Short title",
                  "viewed": true,
                },
                Object {
                  "id": "5",
                  "native": true,
                  "primaryHashtag": "hashtag1",
                  "replyNo": 12,
                  "secondaryHashtag": "hashtag2",
                  "solved": false,
                  "subTitle": "Subtitle to be shown",
                  "temperature": 1,
                  "timestamp": "2016-06-10 12:12:12",
                  "title": "Short title",
                },
                Object {
                  "id": "6",
                  "native": true,
                  "primaryHashtag": "hashtag1",
                  "replyNo": 12,
                  "secondaryHashtag": "hashtag2",
                  "solved": false,
                  "subTitle": "Subtitle to be shown",
                  "temperature": 1,
                  "timestamp": "2016-06-10 12:12:12",
                  "title": "Short title",
                },
                Object {
                  "id": "7",
                  "native": true,
                  "primaryHashtag": "hashtag1",
                  "replyNo": 12,
                  "secondaryHashtag": "hashtag2",
                  "solved": false,
                  "subTitle": "Subtitle to be shown",
                  "temperature": 1,
                  "timestamp": "2016-06-10 12:12:12",
                  "title": "Short title",
                },
                Object {
                  "id": "8",
                  "native": true,
                  "primaryHashtag": "hashtag1",
                  "replyNo": 12,
                  "secondaryHashtag": "hashtag2",
                  "solved": false,
                  "subTitle": "Subtitle to be shown",
                  "temperature": 1,
                  "timestamp": "2016-06-10 12:12:12",
                  "title": "Short title",
                  "viewed": true,
                },
                Object {
                  "id": "9",
                  "native": true,
                  "primaryHashtag": "hashtag1",
                  "replyNo": 12,
                  "secondaryHashtag": "hashtag2",
                  "solved": false,
                  "subTitle": "Subtitle to be shown",
                  "temperature": 1,
                  "timestamp": "2016-06-10 12:12:12",
                  "title": "Short title",
                },
              ],
            },
            "ref": null,
            "rendered": null,
            "type": [Function],
          },
          "type": [Function],
        },
        Object {
          "instance": null,
          "key": undefined,
          "nodeType": "class",
          "props": Object {},
          "ref": null,
          "rendered": null,
          "type": [Function],
        },
      ],
      "type": [Function],
    },
  ],
  Symbol(enzyme.__options__): Object {
    "adapter": ReactSixteenAdapter {
      "options": Object {
        "enableComponentDidUpdateOnSetState": true,
        "lifecycles": Object {
          "componentDidUpdate": Object {
            "onSetState": true,
          },
          "getDerivedStateFromProps": true,
          "getSnapshotBeforeUpdate": true,
          "setState": Object {
            "skipsComponentDidUpdateOnNullish": true,
          },
        },
      },
    },
  },
}
`;
