// Jest Snapshot v1, https://goo.gl/fbAQLP

exports[`Testing PopupMenuItem Component renders 1`] = `
<Styled(Button)
  background={Object {}}
  style={
    Object {
      "width": null,
    }
  }
/>
`;
